T8062977.java:15:31: compiler.err.prob.found.req: (compiler.misc.inferred.do.not.conform.to.upper.bounds: java.util.List<java.lang.Integer>[]&java.lang.Iterable<?>, java.util.List<java.lang.Integer>[],java.lang.Iterable<?>,java.lang.Object)
T8062977.java:21:29: compiler.err.prob.found.req: (compiler.misc.inferred.do.not.conform.to.upper.bounds: java.lang.Iterable<?>[]&java.util.List<java.lang.Integer>, java.util.List<java.lang.Integer>,java.lang.Iterable<?>[],java.lang.Object)
T8062977.java:26:31: compiler.err.prob.found.req: (compiler.misc.inferred.do.not.conform.to.upper.bounds: java.util.List<java.lang.Integer>[], java.util.List<java.lang.Integer>[],java.lang.Iterable<?>[][],java.lang.Object)
T8062977.java:27:29: compiler.err.prob.found.req: (compiler.misc.inferred.do.not.conform.to.upper.bounds: java.lang.Iterable<?>[][]&java.util.List<java.lang.Integer>, java.util.List<java.lang.Integer>,java.lang.Iterable<?>[][],java.lang.Object)
4 errors
