T4941882.java:13:17: compiler.err.prob.found.req: (compiler.misc.incompatible.upper.lower.bounds: T, java.lang.Object[],java.lang.Object, float[],int[])
1 error
