ErasureClashCrash.java:14:16: compiler.err.name.clash.same.erasure.no.override: compareTo(java.lang.Object), ErasureClashCrash, compareTo(T), Compar, compareTo(java.lang.Object), ErasureClashCrash
1 error
