T4757416.java:14:23: compiler.err.name.clash.same.erasure.no.override.1: id(java.lang.String), T4756416.D, id(A), T4756416.I, id(A), T4756416.C
T4757416.java:15:24: compiler.err.name.clash.same.erasure.no.override.1: id(java.lang.Integer), T4756416.D, id(A), T4756416.C, id(A), T4756416.I
2 errors
