UnsoundInference.java:18:9: compiler.err.cant.apply.symbol: kindname.method, transferBug, Var[],java.util.Collection<Var>, java.lang.Object[],java.util.ArrayList<java.lang.String>, kindname.class, UnsoundInference, (compiler.misc.incompatible.eq.lower.bounds: Var, java.lang.String, java.lang.Object)
1 error
