T6359949a.java:15:5: compiler.err.method.does.not.override.superclass
1 error
