Deprecation.java:20:24: compiler.warn.has.been.deprecated: Deprecation, compiler.misc.unnamed.package
Deprecation.java:57:24: compiler.warn.has.been.deprecated: Deprecation, compiler.misc.unnamed.package
2 warnings
