T7177306e.java:16:8: compiler.err.cant.apply.symbol: kindname.method, m, java.util.List<U>, java.util.List<java.util.List<?>>, kindname.class, T7177306e, (compiler.misc.incompatible.eq.upper.bounds: U, java.util.List<?>, java.util.List<compiler.misc.type.captureof: 1, ?>)
1 error
