T4856983b.java:12:24: compiler.err.types.incompatible.diff.ret: I2, I1, m()
1 error
