T4856983a.java:13:6: compiler.err.types.incompatible.diff.ret: I2, I1, m()
1 error
