T6762569b.java:13:9: compiler.err.cant.apply.symbol: kindname.method, m, T,java.util.List<? super java.util.List<T>>, java.lang.String,java.util.List<compiler.misc.type.captureof: 1, ? super java.util.List<? extends java.lang.Number>>, kindname.class, T6762569b, (compiler.misc.incompatible.upper.lower.bounds: T, java.lang.Number,java.lang.Object, java.lang.String)
1 error
