MethodReference68.java:21:10: compiler.err.cant.apply.symbol: kindname.method, g, MethodReference68.F<Z>,Z[], @501,int, kindname.class, MethodReference68, (compiler.misc.incompatible.upper.lower.bounds: Z, MethodReference68.Foo,java.lang.Object, java.lang.Integer)
1 error
