TargetType28.java:20:32: compiler.err.prob.found.req: (compiler.misc.incompatible.eq.upper.bounds: X, java.lang.String, java.lang.Object,java.lang.Number)
1 error
