ImportPrivate.java:12:1: compiler.err.cant.resolve.location: kindname.static, m, , , kindname.class, importPrivate.A
ImportPrivate.java:22:9: compiler.err.cant.resolve.location.args: kindname.method, m, , , (compiler.misc.location: kindname.class, importPrivate.MyTest, null)
2 errors
