T4717181c.java:15:21: compiler.err.types.incompatible.diff.ret: T4717181c.A<java.lang.Integer>, T4717181c.A<java.lang.Integer>, f(java.lang.Integer)
1 error
