NoImportedNoClasses.java:10:1: compiler.err.cant.resolve.location: kindname.static, UNKNOWN, , , kindname.interface, java.lang.Runnable
1 error