Neg18.java:14:21: compiler.err.prob.found.req: (compiler.misc.cant.apply.diamond.1: (compiler.misc.diamond: pkg.Neg18_01), (compiler.misc.inaccessible.varargs.type: pkg.Neg18_01.PkgPrivate, kindname.class, Neg18))
Neg18.java:14:9: compiler.err.cant.apply.symbol: kindname.constructor, , pkg.Neg18_01.PkgPrivate[], compiler.misc.no.args, kindname.class, compiler.misc.anonymous.class: <any>, (compiler.misc.inaccessible.varargs.type: pkg.Neg18_01.PkgPrivate, kindname.class, Neg18)
2 errors
